variable;ODM_LIBELLE;ODM_LIBELLE;FONCTION_NIV2;FONCTION_NIV2
stats;mean;sum;mean;sum
map_k;;;;
1;0.2912;728.0;0.8464;2116.0
2;0.4272;1068.0;0.9036;2259.0
3;0.5052;1263.0;0.9368;2342.0
4;0.5604;1401.0;0.9596;2399.0
5;0.5988;1497.0;0.9708;2427.0
