map_k;None;ODM_LIBELLE;FONCTION_NIV2;ODM_LIBELLE--FONCTION_NIV2
1;0.1532;0.0004;0.5556;0.2908
2;0.0964;0.0;0.4764;0.4272
3;0.0632;0.0;0.4316;0.5052
4;0.0404;0.0;0.3992;0.5604
5;0.0292;0.0;0.372;0.5988
