map_k;mean;sum;std
1;1.1376;2844.0;0.6521014756414937
2;1.3308;3327.0;0.6436902165156272
3;1.442;3605.0;0.6108889212529918
4;1.52;3800.0;0.5749193098906612
5;1.5696;3924.0;0.5510692433119179
