{"variables": ["ODM_LIBELLE", "FONCTION_NIV2"], "result": {"indep": [{"map_k": 1, "ODM_LIBELLE": {"mean": 0.2912, "sum": 728.0}, "FONCTION_NIV2": {"mean": 0.8464, "sum": 2116.0}}, {"map_k": 2, "ODM_LIBELLE": {"mean": 0.4272, "sum": 1068.0}, "FONCTION_NIV2": {"mean": 0.9036, "sum": 2259.0}}, {"map_k": 3, "ODM_LIBELLE": {"mean": 0.5052, "sum": 1263.0}, "FONCTION_NIV2": {"mean": 0.9368, "sum": 2342.0}}, {"map_k": 4, "ODM_LIBELLE": {"mean": 0.5604, "sum": 1401.0}, "FONCTION_NIV2": {"mean": 0.9596, "sum": 2399.0}}, {"map_k": 5, "ODM_LIBELLE": {"mean": 0.5988, "sum": 1497.0}, "FONCTION_NIV2": {"mean": 0.9708, "sum": 2427.0}}], "joint": [{"map_k": 1, "None": 0.1532, "ODM_LIBELLE": 0.0004, "FONCTION_NIV2": 0.5556, "ODM_LIBELLE--FONCTION_NIV2": 0.2908}, {"map_k": 2, "None": 0.0964, "ODM_LIBELLE": 0.0, "FONCTION_NIV2": 0.4764, "ODM_LIBELLE--FONCTION_NIV2": 0.4272}, {"map_k": 3, "None": 0.0632, "ODM_LIBELLE": 0.0, "FONCTION_NIV2": 0.4316, "ODM_LIBELLE--FONCTION_NIV2": 0.5052}, {"map_k": 4, "None": 0.0404, "ODM_LIBELLE": 0.0, "FONCTION_NIV2": 0.3992, "ODM_LIBELLE--FONCTION_NIV2": 0.5604}, {"map_k": 5, "None": 0.0292, "ODM_LIBELLE": 0.0, "FONCTION_NIV2": 0.372, "ODM_LIBELLE--FONCTION_NIV2": 0.5988}], "aggreg": [{"map_k": 1, "mean": 1.1376, "sum": 2844.0, "std": 0.6521014756414937}, {"map_k": 2, "mean": 1.3308, "sum": 3327.0, "std": 0.6436902165156272}, {"map_k": 3, "mean": 1.442, "sum": 3605.0, "std": 0.6108889212529918}, {"map_k": 4, "mean": 1.52, "sum": 3800.0, "std": 0.5749193098906612}, {"map_k": 5, "mean": 1.5696, "sum": 3924.0, "std": 0.5510692433119179}]}, "map_k": [1, 2, 3, 4, 5], "spread_threshold": 1.0, "pred_success": {}}