{"model": {"id": "", "type": "BayesianNetworkModel", "tags": [], "fit_parameters": {"update_fit": false, "update_decay": 0}, "predict_parameters": {}, "hyper_parameters": {}, "var_features": ["os_1_d", "sm_2_d"], "var_targets": ["cycle_id_d"], "model": {"name": "cmapss_bn_model_02", "variables": {"os_1_d": {"name": "os_1_d", "domain_type": "interval", "domain": ["(-inf, -0.0043]", "(-0.0043, 0.004]", "(0.004, inf]"], "bins": [-Infinity, -0.0043, 0.004, Infinity], "unit": null}, "system_id": {"name": "system_id", "domain_type": "label", "domain": ["s1"], "bins": [], "unit": null}, "cycle_id_d": {"name": "cycle_id_d", "domain_type": "interval", "domain": ["(0.0, 1.0]", "(1.0, 2.0]", "(2.0, 3.0]", "(3.0, inf]"], "bins": [0.0, 1.0, 2.0, 3.0, Infinity], "unit": null}, "sm_2_d": {"name": "sm_2_d", "domain_type": "interval", "domain": ["(-inf, 641.71]", "(641.71, 643.07]", "(643.07, inf]"], "bins": [-Infinity, 641.71, 643.07, Infinity], "unit": null}}, "parents": {"os_1_d": ["cycle_id_d"], "sm_2_d": ["cycle_id_d"]}, "cct": {"os_1_d": [{"os_1_d": "(-inf, -0.0043]", "cycle_id_d": "(0.0, 1.0]", "count": 0}, {"os_1_d": "(-inf, -0.0043]", "cycle_id_d": "(1.0, 2.0]", "count": 0}, {"os_1_d": "(-inf, -0.0043]", "cycle_id_d": "(2.0, 3.0]", "count": 1}, {"os_1_d": "(-inf, -0.0043]", "cycle_id_d": "(3.0, inf]", "count": 1}, {"os_1_d": "(-0.0043, 0.004]", "cycle_id_d": "(0.0, 1.0]", "count": 1}, {"os_1_d": "(-0.0043, 0.004]", "cycle_id_d": "(1.0, 2.0]", "count": 1}, {"os_1_d": "(-0.0043, 0.004]", "cycle_id_d": "(2.0, 3.0]", "count": 0}, {"os_1_d": "(-0.0043, 0.004]", "cycle_id_d": "(3.0, inf]", "count": 86}, {"os_1_d": "(0.004, inf]", "cycle_id_d": "(0.0, 1.0]", "count": 0}, {"os_1_d": "(0.004, inf]", "cycle_id_d": "(1.0, 2.0]", "count": 0}, {"os_1_d": "(0.004, inf]", "cycle_id_d": "(2.0, 3.0]", "count": 0}, {"os_1_d": "(0.004, inf]", "cycle_id_d": "(3.0, inf]", "count": 0}], "system_id": [{"system_id": "s1", "count": 0}], "cycle_id_d": [{"cycle_id_d": "(0.0, 1.0]", "count": 1}, {"cycle_id_d": "(1.0, 2.0]", "count": 1}, {"cycle_id_d": "(2.0, 3.0]", "count": 1}, {"cycle_id_d": "(3.0, inf]", "count": 87}], "sm_2_d": [{"sm_2_d": "(-inf, 641.71]", "cycle_id_d": "(0.0, 1.0]", "count": 0}, {"sm_2_d": "(-inf, 641.71]", "cycle_id_d": "(1.0, 2.0]", "count": 0}, {"sm_2_d": "(-inf, 641.71]", "cycle_id_d": "(2.0, 3.0]", "count": 0}, {"sm_2_d": "(-inf, 641.71]", "cycle_id_d": "(3.0, inf]", "count": 1}, {"sm_2_d": "(641.71, 643.07]", "cycle_id_d": "(0.0, 1.0]", "count": 1}, {"sm_2_d": "(641.71, 643.07]", "cycle_id_d": "(1.0, 2.0]", "count": 1}, {"sm_2_d": "(641.71, 643.07]", "cycle_id_d": "(2.0, 3.0]", "count": 1}, {"sm_2_d": "(641.71, 643.07]", "cycle_id_d": "(3.0, inf]", "count": 86}, {"sm_2_d": "(643.07, inf]", "cycle_id_d": "(0.0, 1.0]", "count": 0}, {"sm_2_d": "(643.07, inf]", "cycle_id_d": "(1.0, 2.0]", "count": 0}, {"sm_2_d": "(643.07, inf]", "cycle_id_d": "(2.0, 3.0]", "count": 0}, {"sm_2_d": "(643.07, inf]", "cycle_id_d": "(3.0, inf]", "count": 0}]}, "backend": "pyagrum"}, "meta_info": {}}, "measures": {"success": {"variables": ["cycle_id_d"], "result": {"indep": [{"map_k": 1, "cycle_id_d": {"mean": 0.0, "sum": 0.0}}, {"map_k": 2, "cycle_id_d": {"mean": 0.0, "sum": 0.0}}, {"map_k": 3, "cycle_id_d": {"mean": 0.0, "sum": 0.0}}, {"map_k": 4, "cycle_id_d": {"mean": 0.0, "sum": 0.0}}, {"map_k": 5, "cycle_id_d": {"mean": 0.0, "sum": 0.0}}], "joint": [{"map_k": 1, "None": 1.0, "cycle_id_d": 0.0}, {"map_k": 2, "None": 1.0, "cycle_id_d": 0.0}, {"map_k": 3, "None": 1.0, "cycle_id_d": 0.0}, {"map_k": 4, "None": 1.0, "cycle_id_d": 0.0}, {"map_k": 5, "None": 1.0, "cycle_id_d": 0.0}], "aggreg": [{"map_k": 1, "mean": 0.0, "sum": 0.0, "std": 0.0}, {"map_k": 2, "mean": 0.0, "sum": 0.0, "std": 0.0}, {"map_k": 3, "mean": 0.0, "sum": 0.0, "std": 0.0}, {"map_k": 4, "mean": 0.0, "sum": 0.0, "std": 0.0}, {"map_k": 5, "mean": 0.0, "sum": 0.0, "std": 0.0}]}, "group_by": [], "map_k": [1, 2, 3, 4, 5], "spread_threshold": 1.0}}, "fit_parameters": {"is_test_pct": true, "is_train_pct": true, "percentage_training_data": 0.9, "training_sliding_window_size": 1.0, "testing_sliding_window_size": 1.0}, "group_by": [], "data_test_index": [90, 91, 92, 93, 94, 95, 96, 97, 98, 99]}