{"model": {"id": "", "type": "RandomForestModel", "tags": [], "fit_parameters": {}, "predict_parameters": {"target_predict_mode": {}, "smoothing": {}}, "hyper_parameters": {"n_estimators": 100, "criterion": "gini", "max_depth": null, "min_samples_split": 2, "min_samples_leaf": 1, "min_weight_fraction_leaf": 0.0, "max_features": "auto", "max_leaf_nodes": null, "min_impurity_decrease": 0.0, "min_impurity_split": null, "bootstrap": true, "oob_score": false, "n_jobs": null, "random_state": 1, "verbose": 0, "warm_start": false, "class_weight": null, "ccp_alpha": 0.0, "max_samples": null}, "var_features": ["SIG_LIEU", "SIG_ORGANE", "SIG_INCIDENT"], "var_targets": ["ODM_LIBELLE", "GARANTIE"], "metadata": {}, "column_mapping": {"SIG_LIEU": {"label": {"A CHAUD": 0, "A L'ACCELERATION": 1, "A L'ARRET": 2, "A VIDE": 3, "ARRIERE": 4, "AU DEMARRAGE": 5, "AU RALENTI": 6, "AVANT": 7, "BAS": 8, "DESSOUS": 9, "DROIT": 10, "EN CHARGE": 11, "EXTERIEUR": 12, "GAUCHE": 13, "HAUT": 14, "INTERIEUR": 15, "PLATE FORME": 16, "PORTE": 17, "POSTE CONDUITE": 18, "TABLEAU DE BORD": 19}, "ind": {"0": "A CHAUD", "1": "A L'ACCELERATION", "2": "A L'ARRET", "3": "A VIDE", "4": "ARRIERE", "5": "AU DEMARRAGE", "6": "AU RALENTI", "7": "AVANT", "8": "BAS", "9": "DESSOUS", "10": "DROIT", "11": "EN CHARGE", "12": "EXTERIEUR", "13": "GAUCHE", "14": "HAUT", "15": "INTERIEUR", "16": "PLATE FORME", "17": "PORTE", "18": "POSTE CONDUITE", "19": "TABLEAU DE BORD"}}, "SIG_ORGANE": {"label": {"AIR": 0, "BOUTON/ POUSSOIR/ INTERRUPTEUR": 1, "ECLAIRAGE FEUX EXTERIEURS": 2, "FREIN EXPLOITATION": 3, "GIROUETTE MECANISME": 4, "GLACE/BAIE": 5, "KLAXON/GONG": 6, "MOTEUR": 7, "PANNEAU": 8, "PARE-CHOCS": 9, "PORTE": 10, "RETROVISEUR": 11, "SECURITE PORTE": 12, "SUSPENSION": 13, "VOITURE": 14, "VOLANT": 15, "VOYANT ALARME ROUGE": 16, "VOYANT ALERTE ORANGE": 17}, "ind": {"0": "AIR", "1": "BOUTON/ POUSSOIR/ INTERRUPTEUR", "2": "ECLAIRAGE FEUX EXTERIEURS", "3": "FREIN EXPLOITATION", "4": "GIROUETTE MECANISME", "5": "GLACE/BAIE", "6": "KLAXON/GONG", "7": "MOTEUR", "8": "PANNEAU", "9": "PARE-CHOCS", "10": "PORTE", "11": "RETROVISEUR", "12": "SECURITE PORTE", "13": "SUSPENSION", "14": "VOITURE", "15": "VOLANT", "16": "VOYANT ALARME ROUGE", "17": "VOYANT ALERTE ORANGE"}}, "SIG_INCIDENT": {"label": {"ABSENT": 0, "BLOQUE": 1, "BRUYANT": 2, "CALE": 3, "CASSE": 4, "CLIGNOTE": 5, "DEBOITE": 6, "DEGONFLE": 7, "DESSERRE": 8, "DUR": 9, "ENFONCE": 10, "FONCTIONNE MAL": 11, "FUITE": 12, "INTERMITTENT": 13, "INTERRUPTEUR H.S": 14, "LACERE": 15, "MANQUE": 16, "NE FONCTIONNE PAS": 17, "NE TIRE PAS": 18, "RAYE": 19, "VIBRE": 20, "VOYANT ALLUME": 21}, "ind": {"0": "ABSENT", "1": "BLOQUE", "2": "BRUYANT", "3": "CALE", "4": "CASSE", "5": "CLIGNOTE", "6": "DEBOITE", "7": "DEGONFLE", "8": "DESSERRE", "9": "DUR", "10": "ENFONCE", "11": "FONCTIONNE MAL", "12": "FUITE", "13": "INTERMITTENT", "14": "INTERRUPTEUR H.S", "15": "LACERE", "16": "MANQUE", "17": "NE FONCTIONNE PAS", "18": "NE TIRE PAS", "19": "RAYE", "20": "VIBRE", "21": "VOYANT ALLUME"}}, "ODM_LIBELLE": {"label": {"REMPLACEMENT D'UN CARDAN DE LIAISON SUR CREMAILLERE DE DIRECTION": 0, "REMPLACEMENT D'UN COMMODO DE SIGNALISATION": 1, "REMPLACEMENT D'UN COUSSIN D'AIR AR": 2, "REMPLACEMENT D'UN COUSSIN D'AIR AV": 3, "REMPLACEMENT D'UN COUSSIN D'AIR COMPLET AR": 4, "REMPLACEMENT D'UN ENJOLIVEUR D'OPTIQUE": 5, "REMPLACEMENT D'UN FEU AR COMPLET": 6, "REMPLACEMENT D'UN FLEXIBLE DE REFOULEMENT DU COMPRESSEUR": 7, "REMPLACEMENT D'UN HABILLAGE INT DE BAIE": 8, "REMPLACEMENT D'UN INTERRUPTEUR DE COMMANDE DE PORTES AV": 9, "REMPLACEMENT D'UN INTERRUPTEUR DE REGLAGE RETROVISEUR": 10, "REMPLACEMENT D'UN PARE-CHOCS AVD": 11, "REMPLACEMENT D'UN PARE-CHOCS AVG": 12, "REMPLACEMENT D'UN POTENTIOMETRE DE PORTE NUMERO 1": 13, "REMPLACEMENT D'UNE GLACE LAT VOYAGEUR": 14, "REMPLACEMENT D'UNE TOILE DE GIROUETTE": 15, "REMPLACEMENT D'UNE VALVE DE DESSERRAGE RAPIDE": 16, "REMPLACEMENT DE DEUX COMPAS A GAZ DE HAYON MOTEUR": 17, "REMPLACEMENT DE LA CARTOUCHE FILTRE A AIR DU PILOTAGE DU TURBO": 18, "REMPLACEMENT DE LA POIGNEE DE BLOCAGE DU VOLANT DE DIRECTION": 19, "REMPLACEMENT DE LA POMPE D'AMORCAGE": 20, "REMPLACEMENT DE LA VALVE DE PILOTAGE DU TURBO": 21, "REMPLACEMENT DES DEUX COUSSINS D'AIR AV": 22, "REMPLACEMENT DES DISQUES DE FREIN AR": 23, "REMPLACEMENT DES PLAQUETTES DE FREIN AR": 24, "REMPLACEMENT DU CABLAGE DE PLAQUETTES DE FREIN MIL OU AR": 25, "REMPLACEMENT DU CONTACTEUR FAE": 26}, "ind": {"0": "REMPLACEMENT D'UN CARDAN DE LIAISON SUR CREMAILLERE DE DIRECTION", "1": "REMPLACEMENT D'UN COMMODO DE SIGNALISATION", "2": "REMPLACEMENT D'UN COUSSIN D'AIR AR", "3": "REMPLACEMENT D'UN COUSSIN D'AIR AV", "4": "REMPLACEMENT D'UN COUSSIN D'AIR COMPLET AR", "5": "REMPLACEMENT D'UN ENJOLIVEUR D'OPTIQUE", "6": "REMPLACEMENT D'UN FEU AR COMPLET", "7": "REMPLACEMENT D'UN FLEXIBLE DE REFOULEMENT DU COMPRESSEUR", "8": "REMPLACEMENT D'UN HABILLAGE INT DE BAIE", "9": "REMPLACEMENT D'UN INTERRUPTEUR DE COMMANDE DE PORTES AV", "10": "REMPLACEMENT D'UN INTERRUPTEUR DE REGLAGE RETROVISEUR", "11": "REMPLACEMENT D'UN PARE-CHOCS AVD", "12": "REMPLACEMENT D'UN PARE-CHOCS AVG", "13": "REMPLACEMENT D'UN POTENTIOMETRE DE PORTE NUMERO 1", "14": "REMPLACEMENT D'UNE GLACE LAT VOYAGEUR", "15": "REMPLACEMENT D'UNE TOILE DE GIROUETTE", "16": "REMPLACEMENT D'UNE VALVE DE DESSERRAGE RAPIDE", "17": "REMPLACEMENT DE DEUX COMPAS A GAZ DE HAYON MOTEUR", "18": "REMPLACEMENT DE LA CARTOUCHE FILTRE A AIR DU PILOTAGE DU TURBO", "19": "REMPLACEMENT DE LA POIGNEE DE BLOCAGE DU VOLANT DE DIRECTION", "20": "REMPLACEMENT DE LA POMPE D'AMORCAGE", "21": "REMPLACEMENT DE LA VALVE DE PILOTAGE DU TURBO", "22": "REMPLACEMENT DES DEUX COUSSINS D'AIR AV", "23": "REMPLACEMENT DES DISQUES DE FREIN AR", "24": "REMPLACEMENT DES PLAQUETTES DE FREIN AR", "25": "REMPLACEMENT DU CABLAGE DE PLAQUETTES DE FREIN MIL OU AR", "26": "REMPLACEMENT DU CONTACTEUR FAE"}}, "GARANTIE": {"label": {"0": 0, "1": 1}, "ind": {"0": 0, "1": 1}}}}, "measures": {"success": {"name": "Success", "variables": ["ODM_LIBELLE"], "result": {"indep": [{"map_k": 1, "ODM_LIBELLE": {"mean": 0.26666666666666666, "sum": 8.0}}, {"map_k": 2, "ODM_LIBELLE": {"mean": 0.36666666666666664, "sum": 11.0}}, {"map_k": 3, "ODM_LIBELLE": {"mean": 0.4, "sum": 12.0}}, {"map_k": 4, "ODM_LIBELLE": {"mean": 0.43333333333333335, "sum": 13.0}}, {"map_k": 5, "ODM_LIBELLE": {"mean": 0.4666666666666667, "sum": 14.0}}], "joint": [{"map_k": 1, "None": 0.7333333333333333, "ODM_LIBELLE": 0.26666666666666666}, {"map_k": 2, "None": 0.6333333333333333, "ODM_LIBELLE": 0.36666666666666664}, {"map_k": 3, "None": 0.6, "ODM_LIBELLE": 0.4}, {"map_k": 4, "None": 0.5666666666666667, "ODM_LIBELLE": 0.43333333333333335}, {"map_k": 5, "None": 0.5333333333333333, "ODM_LIBELLE": 0.4666666666666667}], "aggreg": [{"map_k": 1, "mean": 0.26666666666666666, "sum": 8.0, "std": 0.4497764451088037}, {"map_k": 2, "mean": 0.36666666666666664, "sum": 11.0, "std": 0.4901325178535609}, {"map_k": 3, "mean": 0.4, "sum": 12.0, "std": 0.4982728791224399}, {"map_k": 4, "mean": 0.43333333333333335, "sum": 13.0, "std": 0.5040069329937308}, {"map_k": 5, "mean": 0.4666666666666667, "sum": 14.0, "std": 0.5074162634049248}]}, "group_by": [], "map_k": [1, 2, 3, 4, 5], "spread_threshold": 1.0}}, "fit_parameters": {"is_test_pct": true, "is_train_pct": true, "percentage_training_data": 0.7, "training_sliding_window_size": 1.0, "testing_sliding_window_size": 1.0}, "group_by": [], "data_test_index": [70, 71, 72, 73, 74, 75, 76, 77, 78, 79, 80, 81, 82, 83, 84, 85, 86, 87, 88, 89, 90, 91, 92, 93, 94, 95, 96, 97, 98, 99]}